Archive member included because of file (symbol)

c:/freescale/kds_v3/toolchain/bin/../lib/gcc/arm-none-eabi/4.8.4/armv6-m\libgcc.a(_udivsi3.o)
                              ./Project_Settings/Startup_Code/system_MKL46Z4.o (__aeabi_uidiv)
c:/freescale/kds_v3/toolchain/bin/../lib/gcc/arm-none-eabi/4.8.4/armv6-m\libgcc.a(_dvmd_tls.o)
                              c:/freescale/kds_v3/toolchain/bin/../lib/gcc/arm-none-eabi/4.8.4/armv6-m\libgcc.a(_udivsi3.o) (__aeabi_idiv0)
c:/freescale/kds_v3/toolchain/bin/../lib/gcc/arm-none-eabi/4.8.4/../../../../arm-none-eabi/lib/armv6-m\libg_s.a(lib_a-exit.o)
                              c:/freescale/kds_v3/toolchain/bin/../lib/gcc/arm-none-eabi/4.8.4/../../../../arm-none-eabi/lib/armv6-m/crt0.o (exit)
c:/freescale/kds_v3/toolchain/bin/../lib/gcc/arm-none-eabi/4.8.4/../../../../arm-none-eabi/lib/armv6-m\libg_s.a(lib_a-impure.o)
                              c:/freescale/kds_v3/toolchain/bin/../lib/gcc/arm-none-eabi/4.8.4/../../../../arm-none-eabi/lib/armv6-m\libg_s.a(lib_a-exit.o) (_global_impure_ptr)
c:/freescale/kds_v3/toolchain/bin/../lib/gcc/arm-none-eabi/4.8.4/../../../../arm-none-eabi/lib/armv6-m\libg_s.a(lib_a-init.o)
                              c:/freescale/kds_v3/toolchain/bin/../lib/gcc/arm-none-eabi/4.8.4/../../../../arm-none-eabi/lib/armv6-m/crt0.o (__libc_init_array)
c:/freescale/kds_v3/toolchain/bin/../lib/gcc/arm-none-eabi/4.8.4/../../../../arm-none-eabi/lib/armv6-m\libg_s.a(lib_a-memset.o)
                              c:/freescale/kds_v3/toolchain/bin/../lib/gcc/arm-none-eabi/4.8.4/../../../../arm-none-eabi/lib/armv6-m/crt0.o (memset)
c:/freescale/kds_v3/toolchain/bin/../lib/gcc/arm-none-eabi/4.8.4/../../../../arm-none-eabi/lib/armv6-m\libnosys.a(_exit.o)
                              c:/freescale/kds_v3/toolchain/bin/../lib/gcc/arm-none-eabi/4.8.4/../../../../arm-none-eabi/lib/armv6-m\libg_s.a(lib_a-exit.o) (_exit)

Allocating common symbols
Common symbol       size              file

swTimerArray        0xa0              ./Sources/DRIVER/DRIVER_Software_timer.o

Discarded input sections

 .text          0x00000000        0x0 c:/freescale/kds_v3/toolchain/bin/../lib/gcc/arm-none-eabi/4.8.4/armv6-m/crti.o
 .data          0x00000000        0x0 c:/freescale/kds_v3/toolchain/bin/../lib/gcc/arm-none-eabi/4.8.4/armv6-m/crti.o
 .bss           0x00000000        0x0 c:/freescale/kds_v3/toolchain/bin/../lib/gcc/arm-none-eabi/4.8.4/armv6-m/crti.o
 .data          0x00000000        0x4 c:/freescale/kds_v3/toolchain/bin/../lib/gcc/arm-none-eabi/4.8.4/armv6-m/crtbegin.o
 .data          0x00000000        0x0 c:/freescale/kds_v3/toolchain/bin/../lib/gcc/arm-none-eabi/4.8.4/../../../../arm-none-eabi/lib/armv6-m/crt0.o
 .bss           0x00000000        0x0 c:/freescale/kds_v3/toolchain/bin/../lib/gcc/arm-none-eabi/4.8.4/../../../../arm-none-eabi/lib/armv6-m/crt0.o
 .ARM.extab     0x00000000        0x0 c:/freescale/kds_v3/toolchain/bin/../lib/gcc/arm-none-eabi/4.8.4/../../../../arm-none-eabi/lib/armv6-m/crt0.o
 .group         0x00000000        0x8 ./Sources/HAL/HAL_GPIO.o
 .group         0x00000000        0x8 ./Sources/HAL/HAL_GPIO.o
 .group         0x00000000        0x8 ./Sources/HAL/HAL_GPIO.o
 .group         0x00000000        0x8 ./Sources/HAL/HAL_GPIO.o
 .group         0x00000000        0x8 ./Sources/HAL/HAL_GPIO.o
 .group         0x00000000        0x8 ./Sources/HAL/HAL_GPIO.o
 .group         0x00000000        0x8 ./Sources/HAL/HAL_GPIO.o
 .group         0x00000000        0x8 ./Sources/HAL/HAL_GPIO.o
 .group         0x00000000        0x8 ./Sources/HAL/HAL_GPIO.o
 .group         0x00000000        0x8 ./Sources/HAL/HAL_GPIO.o
 .group         0x00000000        0x8 ./Sources/HAL/HAL_GPIO.o
 .text          0x00000000        0x0 ./Sources/HAL/HAL_GPIO.o
 .data          0x00000000        0x0 ./Sources/HAL/HAL_GPIO.o
 .bss           0x00000000        0x0 ./Sources/HAL/HAL_GPIO.o
 .group         0x00000000        0x8 ./Sources/HAL/HAL_NVIC.o
 .group         0x00000000        0x8 ./Sources/HAL/HAL_NVIC.o
 .group         0x00000000        0x8 ./Sources/HAL/HAL_NVIC.o
 .group         0x00000000        0x8 ./Sources/HAL/HAL_NVIC.o
 .group         0x00000000        0x8 ./Sources/HAL/HAL_NVIC.o
 .group         0x00000000        0x8 ./Sources/HAL/HAL_NVIC.o
 .group         0x00000000        0x8 ./Sources/HAL/HAL_NVIC.o
 .group         0x00000000        0x8 ./Sources/HAL/HAL_NVIC.o
 .group         0x00000000        0x8 ./Sources/HAL/HAL_NVIC.o
 .group         0x00000000        0x8 ./Sources/HAL/HAL_NVIC.o
 .group         0x00000000        0x8 ./Sources/HAL/HAL_NVIC.o
 .text          0x00000000        0x0 ./Sources/HAL/HAL_NVIC.o
 .data          0x00000000        0x0 ./Sources/HAL/HAL_NVIC.o
 .bss           0x00000000        0x0 ./Sources/HAL/HAL_NVIC.o
 .text.NVIC_EnableIRQ
                0x00000000       0x2c ./Sources/HAL/HAL_NVIC.o
 .text.HAL_EnableIRQ
                0x00000000       0x20 ./Sources/HAL/HAL_NVIC.o
 .debug_info    0x00000000      0x2d6 ./Sources/HAL/HAL_NVIC.o
 .debug_abbrev  0x00000000      0x100 ./Sources/HAL/HAL_NVIC.o
 .debug_aranges
                0x00000000       0x28 ./Sources/HAL/HAL_NVIC.o
 .debug_ranges  0x00000000       0x18 ./Sources/HAL/HAL_NVIC.o
 .debug_macro   0x00000000       0x8d ./Sources/HAL/HAL_NVIC.o
 .debug_macro   0x00000000      0x802 ./Sources/HAL/HAL_NVIC.o
 .debug_macro   0x00000000       0x16 ./Sources/HAL/HAL_NVIC.o
 .debug_macro   0x00000000       0x16 ./Sources/HAL/HAL_NVIC.o
 .debug_macro   0x00000000       0x44 ./Sources/HAL/HAL_NVIC.o
 .debug_macro   0x00000000      0x209 ./Sources/HAL/HAL_NVIC.o
 .debug_macro   0x00000000       0x3a ./Sources/HAL/HAL_NVIC.o
 .debug_macro   0x00000000       0x3a ./Sources/HAL/HAL_NVIC.o
 .debug_macro   0x00000000       0x26 ./Sources/HAL/HAL_NVIC.o
 .debug_macro   0x00000000      0x306 ./Sources/HAL/HAL_NVIC.o
 .debug_macro   0x00000000       0x6b ./Sources/HAL/HAL_NVIC.o
 .debug_macro   0x00000000     0xd132 ./Sources/HAL/HAL_NVIC.o
 .debug_line    0x00000000      0x20e ./Sources/HAL/HAL_NVIC.o
 .debug_str     0x00000000    0x4f634 ./Sources/HAL/HAL_NVIC.o
 .comment       0x00000000       0x71 ./Sources/HAL/HAL_NVIC.o
 .ARM.attributes
                0x00000000       0x32 ./Sources/HAL/HAL_NVIC.o
 .debug_frame   0x00000000       0x50 ./Sources/HAL/HAL_NVIC.o
 .group         0x00000000        0x8 ./Sources/HAL/HAL_PORT.o
 .group         0x00000000        0x8 ./Sources/HAL/HAL_PORT.o
 .group         0x00000000        0x8 ./Sources/HAL/HAL_PORT.o
 .group         0x00000000        0x8 ./Sources/HAL/HAL_PORT.o
 .group         0x00000000        0x8 ./Sources/HAL/HAL_PORT.o
 .group         0x00000000        0x8 ./Sources/HAL/HAL_PORT.o
 .group         0x00000000        0x8 ./Sources/HAL/HAL_PORT.o
 .group         0x00000000        0x8 ./Sources/HAL/HAL_PORT.o
 .group         0x00000000        0x8 ./Sources/HAL/HAL_PORT.o
 .group         0x00000000        0x8 ./Sources/HAL/HAL_PORT.o
 .group         0x00000000        0x8 ./Sources/HAL/HAL_PORT.o
 .text          0x00000000        0x0 ./Sources/HAL/HAL_PORT.o
 .data          0x00000000        0x0 ./Sources/HAL/HAL_PORT.o
 .bss           0x00000000        0x0 ./Sources/HAL/HAL_PORT.o
 .text.HAL_PORT_GetInterruptFlag
                0x00000000       0x28 ./Sources/HAL/HAL_PORT.o
 .text.HAL_PORT_ClearInterruptFlag
                0x00000000       0x30 ./Sources/HAL/HAL_PORT.o
 .text.HAL_PORT_InterruptConfig
                0x00000000       0x44 ./Sources/HAL/HAL_PORT.o
 .text.HAL_PORT_PullEnable
                0x00000000       0x4c ./Sources/HAL/HAL_PORT.o
 .text.HAL_PORT_PullSelect
                0x00000000       0x4c ./Sources/HAL/HAL_PORT.o
 .debug_macro   0x00000000      0x802 ./Sources/HAL/HAL_PORT.o
 .debug_macro   0x00000000       0x16 ./Sources/HAL/HAL_PORT.o
 .debug_macro   0x00000000       0x16 ./Sources/HAL/HAL_PORT.o
 .debug_macro   0x00000000       0x44 ./Sources/HAL/HAL_PORT.o
 .debug_macro   0x00000000      0x209 ./Sources/HAL/HAL_PORT.o
 .debug_macro   0x00000000       0x3a ./Sources/HAL/HAL_PORT.o
 .debug_macro   0x00000000       0x3a ./Sources/HAL/HAL_PORT.o
 .debug_macro   0x00000000       0x26 ./Sources/HAL/HAL_PORT.o
 .debug_macro   0x00000000      0x306 ./Sources/HAL/HAL_PORT.o
 .debug_macro   0x00000000       0x6b ./Sources/HAL/HAL_PORT.o
 .debug_macro   0x00000000     0xd132 ./Sources/HAL/HAL_PORT.o
 .group         0x00000000        0x8 ./Sources/HAL/HAL_SIM.o
 .group         0x00000000        0x8 ./Sources/HAL/HAL_SIM.o
 .group         0x00000000        0x8 ./Sources/HAL/HAL_SIM.o
 .group         0x00000000        0x8 ./Sources/HAL/HAL_SIM.o
 .group         0x00000000        0x8 ./Sources/HAL/HAL_SIM.o
 .group         0x00000000        0x8 ./Sources/HAL/HAL_SIM.o
 .group         0x00000000        0x8 ./Sources/HAL/HAL_SIM.o
 .group         0x00000000        0x8 ./Sources/HAL/HAL_SIM.o
 .group         0x00000000        0x8 ./Sources/HAL/HAL_SIM.o
 .group         0x00000000        0x8 ./Sources/HAL/HAL_SIM.o
 .group         0x00000000        0x8 ./Sources/HAL/HAL_SIM.o
 .text          0x00000000        0x0 ./Sources/HAL/HAL_SIM.o
 .data          0x00000000        0x0 ./Sources/HAL/HAL_SIM.o
 .bss           0x00000000        0x0 ./Sources/HAL/HAL_SIM.o
 .debug_macro   0x00000000      0x802 ./Sources/HAL/HAL_SIM.o
 .debug_macro   0x00000000       0x16 ./Sources/HAL/HAL_SIM.o
 .debug_macro   0x00000000       0x16 ./Sources/HAL/HAL_SIM.o
 .debug_macro   0x00000000       0x44 ./Sources/HAL/HAL_SIM.o
 .debug_macro   0x00000000      0x209 ./Sources/HAL/HAL_SIM.o
 .debug_macro   0x00000000       0x3a ./Sources/HAL/HAL_SIM.o
 .debug_macro   0x00000000       0x3a ./Sources/HAL/HAL_SIM.o
 .debug_macro   0x00000000       0x26 ./Sources/HAL/HAL_SIM.o
 .debug_macro   0x00000000      0x306 ./Sources/HAL/HAL_SIM.o
 .debug_macro   0x00000000       0x6b ./Sources/HAL/HAL_SIM.o
 .debug_macro   0x00000000     0xd132 ./Sources/HAL/HAL_SIM.o
 .group         0x00000000        0x8 ./Sources/HAL/HAL_Systick.o
 .group         0x00000000        0x8 ./Sources/HAL/HAL_Systick.o
 .group         0x00000000        0x8 ./Sources/HAL/HAL_Systick.o
 .group         0x00000000        0x8 ./Sources/HAL/HAL_Systick.o
 .group         0x00000000        0x8 ./Sources/HAL/HAL_Systick.o
 .group         0x00000000        0x8 ./Sources/HAL/HAL_Systick.o
 .group         0x00000000        0x8 ./Sources/HAL/HAL_Systick.o
 .group         0x00000000        0x8 ./Sources/HAL/HAL_Systick.o
 .group         0x00000000        0x8 ./Sources/HAL/HAL_Systick.o
 .group         0x00000000        0x8 ./Sources/HAL/HAL_Systick.o
 .text          0x00000000        0x0 ./Sources/HAL/HAL_Systick.o
 .data          0x00000000        0x0 ./Sources/HAL/HAL_Systick.o
 .bss           0x00000000        0x0 ./Sources/HAL/HAL_Systick.o
 .text.HAL_Systick_deinit
                0x00000000       0x18 ./Sources/HAL/HAL_Systick.o
 .debug_macro   0x00000000      0x802 ./Sources/HAL/HAL_Systick.o
 .debug_macro   0x00000000       0x16 ./Sources/HAL/HAL_Systick.o
 .debug_macro   0x00000000       0x44 ./Sources/HAL/HAL_Systick.o
 .debug_macro   0x00000000      0x209 ./Sources/HAL/HAL_Systick.o
 .debug_macro   0x00000000       0x3a ./Sources/HAL/HAL_Systick.o
 .debug_macro   0x00000000       0x26 ./Sources/HAL/HAL_Systick.o
 .debug_macro   0x00000000      0x306 ./Sources/HAL/HAL_Systick.o
 .debug_macro   0x00000000       0x6b ./Sources/HAL/HAL_Systick.o
 .debug_macro   0x00000000     0xd132 ./Sources/HAL/HAL_Systick.o
 .group         0x00000000        0x8 ./Sources/DRIVER/DRIVER_GPIO.o
 .group         0x00000000        0x8 ./Sources/DRIVER/DRIVER_GPIO.o
 .group         0x00000000        0x8 ./Sources/DRIVER/DRIVER_GPIO.o
 .group         0x00000000        0x8 ./Sources/DRIVER/DRIVER_GPIO.o
 .group         0x00000000        0x8 ./Sources/DRIVER/DRIVER_GPIO.o
 .group         0x00000000        0x8 ./Sources/DRIVER/DRIVER_GPIO.o
 .group         0x00000000        0x8 ./Sources/DRIVER/DRIVER_GPIO.o
 .group         0x00000000        0x8 ./Sources/DRIVER/DRIVER_GPIO.o
 .group         0x00000000        0x8 ./Sources/DRIVER/DRIVER_GPIO.o
 .group         0x00000000        0x8 ./Sources/DRIVER/DRIVER_GPIO.o
 .group         0x00000000        0x8 ./Sources/DRIVER/DRIVER_GPIO.o
 .text          0x00000000        0x0 ./Sources/DRIVER/DRIVER_GPIO.o
 .data          0x00000000        0x0 ./Sources/DRIVER/DRIVER_GPIO.o
 .bss           0x00000000        0x0 ./Sources/DRIVER/DRIVER_GPIO.o
 .debug_macro   0x00000000      0x802 ./Sources/DRIVER/DRIVER_GPIO.o
 .debug_macro   0x00000000       0x16 ./Sources/DRIVER/DRIVER_GPIO.o
 .debug_macro   0x00000000       0x16 ./Sources/DRIVER/DRIVER_GPIO.o
 .debug_macro   0x00000000       0x44 ./Sources/DRIVER/DRIVER_GPIO.o
 .debug_macro   0x00000000      0x209 ./Sources/DRIVER/DRIVER_GPIO.o
 .debug_macro   0x00000000       0x3a ./Sources/DRIVER/DRIVER_GPIO.o
 .debug_macro   0x00000000       0x3a ./Sources/DRIVER/DRIVER_GPIO.o
 .debug_macro   0x00000000       0x26 ./Sources/DRIVER/DRIVER_GPIO.o
 .debug_macro   0x00000000      0x306 ./Sources/DRIVER/DRIVER_GPIO.o
 .debug_macro   0x00000000       0x6b ./Sources/DRIVER/DRIVER_GPIO.o
 .debug_macro   0x00000000     0xd132 ./Sources/DRIVER/DRIVER_GPIO.o
 .group         0x00000000        0x8 ./Sources/DRIVER/DRIVER_NVIC.o
 .group         0x00000000        0x8 ./Sources/DRIVER/DRIVER_NVIC.o
 .group         0x00000000        0x8 ./Sources/DRIVER/DRIVER_NVIC.o
 .group         0x00000000        0x8 ./Sources/DRIVER/DRIVER_NVIC.o
 .group         0x00000000        0x8 ./Sources/DRIVER/DRIVER_NVIC.o
 .group         0x00000000        0x8 ./Sources/DRIVER/DRIVER_NVIC.o
 .group         0x00000000        0x8 ./Sources/DRIVER/DRIVER_NVIC.o
 .group         0x00000000        0x8 ./Sources/DRIVER/DRIVER_NVIC.o
 .group         0x00000000        0x8 ./Sources/DRIVER/DRIVER_NVIC.o
 .group         0x00000000        0x8 ./Sources/DRIVER/DRIVER_NVIC.o
 .group         0x00000000        0x8 ./Sources/DRIVER/DRIVER_NVIC.o
 .text          0x00000000        0x0 ./Sources/DRIVER/DRIVER_NVIC.o
 .data          0x00000000        0x0 ./Sources/DRIVER/DRIVER_NVIC.o
 .bss           0x00000000        0x0 ./Sources/DRIVER/DRIVER_NVIC.o
 .text.DRIVER_NVIC_EnableIRQ
                0x00000000       0x20 ./Sources/DRIVER/DRIVER_NVIC.o
 .debug_info    0x00000000      0x18d ./Sources/DRIVER/DRIVER_NVIC.o
 .debug_abbrev  0x00000000       0x79 ./Sources/DRIVER/DRIVER_NVIC.o
 .debug_aranges
                0x00000000       0x20 ./Sources/DRIVER/DRIVER_NVIC.o
 .debug_ranges  0x00000000       0x10 ./Sources/DRIVER/DRIVER_NVIC.o
 .debug_macro   0x00000000       0x9b ./Sources/DRIVER/DRIVER_NVIC.o
 .debug_macro   0x00000000      0x802 ./Sources/DRIVER/DRIVER_NVIC.o
 .debug_macro   0x00000000       0x16 ./Sources/DRIVER/DRIVER_NVIC.o
 .debug_macro   0x00000000       0x16 ./Sources/DRIVER/DRIVER_NVIC.o
 .debug_macro   0x00000000       0x44 ./Sources/DRIVER/DRIVER_NVIC.o
 .debug_macro   0x00000000      0x209 ./Sources/DRIVER/DRIVER_NVIC.o
 .debug_macro   0x00000000       0x3a ./Sources/DRIVER/DRIVER_NVIC.o
 .debug_macro   0x00000000       0x3a ./Sources/DRIVER/DRIVER_NVIC.o
 .debug_macro   0x00000000       0x26 ./Sources/DRIVER/DRIVER_NVIC.o
 .debug_macro   0x00000000      0x306 ./Sources/DRIVER/DRIVER_NVIC.o
 .debug_macro   0x00000000       0x6b ./Sources/DRIVER/DRIVER_NVIC.o
 .debug_macro   0x00000000     0xd132 ./Sources/DRIVER/DRIVER_NVIC.o
 .debug_line    0x00000000      0x22f ./Sources/DRIVER/DRIVER_NVIC.o
 .debug_str     0x00000000    0x4f5cd ./Sources/DRIVER/DRIVER_NVIC.o
 .comment       0x00000000       0x71 ./Sources/DRIVER/DRIVER_NVIC.o
 .ARM.attributes
                0x00000000       0x32 ./Sources/DRIVER/DRIVER_NVIC.o
 .debug_frame   0x00000000       0x30 ./Sources/DRIVER/DRIVER_NVIC.o
 .group         0x00000000        0x8 ./Sources/DRIVER/DRIVER_PORT.o
 .group         0x00000000        0x8 ./Sources/DRIVER/DRIVER_PORT.o
 .group         0x00000000        0x8 ./Sources/DRIVER/DRIVER_PORT.o
 .group         0x00000000        0x8 ./Sources/DRIVER/DRIVER_PORT.o
 .group         0x00000000        0x8 ./Sources/DRIVER/DRIVER_PORT.o
 .group         0x00000000        0x8 ./Sources/DRIVER/DRIVER_PORT.o
 .group         0x00000000        0x8 ./Sources/DRIVER/DRIVER_PORT.o
 .group         0x00000000        0x8 ./Sources/DRIVER/DRIVER_PORT.o
 .group         0x00000000        0x8 ./Sources/DRIVER/DRIVER_PORT.o
 .group         0x00000000        0x8 ./Sources/DRIVER/DRIVER_PORT.o
 .group         0x00000000        0x8 ./Sources/DRIVER/DRIVER_PORT.o
 .group         0x00000000        0x8 ./Sources/DRIVER/DRIVER_PORT.o
 .text          0x00000000        0x0 ./Sources/DRIVER/DRIVER_PORT.o
 .data          0x00000000        0x0 ./Sources/DRIVER/DRIVER_PORT.o
 .bss           0x00000000        0x0 ./Sources/DRIVER/DRIVER_PORT.o
 .text.DRIVER_PORT_GetInterruptFlag
                0x00000000       0x20 ./Sources/DRIVER/DRIVER_PORT.o
 .text.DRIVER_PORT_ClearInterruptFlag
                0x00000000       0x1c ./Sources/DRIVER/DRIVER_PORT.o
 .text.DRIVER_PORT_InterruptConfig
                0x00000000       0x24 ./Sources/DRIVER/DRIVER_PORT.o
 .text.DRIVER_PORT_PullResistor
                0x00000000       0x40 ./Sources/DRIVER/DRIVER_PORT.o
 .text.DRIVER_PORT_RegisterCallback
                0x00000000       0x18 ./Sources/DRIVER/DRIVER_PORT.o
 .debug_macro   0x00000000      0x802 ./Sources/DRIVER/DRIVER_PORT.o
 .debug_macro   0x00000000       0x16 ./Sources/DRIVER/DRIVER_PORT.o
 .debug_macro   0x00000000       0x16 ./Sources/DRIVER/DRIVER_PORT.o
 .debug_macro   0x00000000       0x44 ./Sources/DRIVER/DRIVER_PORT.o
 .debug_macro   0x00000000      0x209 ./Sources/DRIVER/DRIVER_PORT.o
 .debug_macro   0x00000000       0x3a ./Sources/DRIVER/DRIVER_PORT.o
 .debug_macro   0x00000000       0x3a ./Sources/DRIVER/DRIVER_PORT.o
 .debug_macro   0x00000000       0x26 ./Sources/DRIVER/DRIVER_PORT.o
 .debug_macro   0x00000000      0x306 ./Sources/DRIVER/DRIVER_PORT.o
 .debug_macro   0x00000000       0x6b ./Sources/DRIVER/DRIVER_PORT.o
 .debug_macro   0x00000000     0xd132 ./Sources/DRIVER/DRIVER_PORT.o
 .group         0x00000000        0x8 ./Sources/DRIVER/DRIVER_SIM.o
 .group         0x00000000        0x8 ./Sources/DRIVER/DRIVER_SIM.o
 .group         0x00000000        0x8 ./Sources/DRIVER/DRIVER_SIM.o
 .group         0x00000000        0x8 ./Sources/DRIVER/DRIVER_SIM.o
 .group         0x00000000        0x8 ./Sources/DRIVER/DRIVER_SIM.o
 .group         0x00000000        0x8 ./Sources/DRIVER/DRIVER_SIM.o
 .group         0x00000000        0x8 ./Sources/DRIVER/DRIVER_SIM.o
 .group         0x00000000        0x8 ./Sources/DRIVER/DRIVER_SIM.o
 .group         0x00000000        0x8 ./Sources/DRIVER/DRIVER_SIM.o
 .group         0x00000000        0x8 ./Sources/DRIVER/DRIVER_SIM.o
 .group         0x00000000        0x8 ./Sources/DRIVER/DRIVER_SIM.o
 .text          0x00000000        0x0 ./Sources/DRIVER/DRIVER_SIM.o
 .data          0x00000000        0x0 ./Sources/DRIVER/DRIVER_SIM.o
 .bss           0x00000000        0x0 ./Sources/DRIVER/DRIVER_SIM.o
 .debug_macro   0x00000000      0x802 ./Sources/DRIVER/DRIVER_SIM.o
 .debug_macro   0x00000000       0x16 ./Sources/DRIVER/DRIVER_SIM.o
 .debug_macro   0x00000000       0x16 ./Sources/DRIVER/DRIVER_SIM.o
 .debug_macro   0x00000000       0x44 ./Sources/DRIVER/DRIVER_SIM.o
 .debug_macro   0x00000000      0x209 ./Sources/DRIVER/DRIVER_SIM.o
 .debug_macro   0x00000000       0x3a ./Sources/DRIVER/DRIVER_SIM.o
 .debug_macro   0x00000000       0x3a ./Sources/DRIVER/DRIVER_SIM.o
 .debug_macro   0x00000000       0x26 ./Sources/DRIVER/DRIVER_SIM.o
 .debug_macro   0x00000000      0x306 ./Sources/DRIVER/DRIVER_SIM.o
 .debug_macro   0x00000000       0x6b ./Sources/DRIVER/DRIVER_SIM.o
 .debug_macro   0x00000000     0xd132 ./Sources/DRIVER/DRIVER_SIM.o
 .group         0x00000000        0x8 ./Sources/DRIVER/DRIVER_Software_timer.o
 .group         0x00000000        0x8 ./Sources/DRIVER/DRIVER_Software_timer.o
 .group         0x00000000        0x8 ./Sources/DRIVER/DRIVER_Software_timer.o
 .group         0x00000000        0x8 ./Sources/DRIVER/DRIVER_Software_timer.o
 .group         0x00000000        0x8 ./Sources/DRIVER/DRIVER_Software_timer.o
 .group         0x00000000        0x8 ./Sources/DRIVER/DRIVER_Software_timer.o
 .group         0x00000000        0x8 ./Sources/DRIVER/DRIVER_Software_timer.o
 .group         0x00000000        0x8 ./Sources/DRIVER/DRIVER_Software_timer.o
 .group         0x00000000        0x8 ./Sources/DRIVER/DRIVER_Software_timer.o
 .group         0x00000000        0x8 ./Sources/DRIVER/DRIVER_Software_timer.o
 .group         0x00000000        0x8 ./Sources/DRIVER/DRIVER_Software_timer.o
 .group         0x00000000        0x8 ./Sources/DRIVER/DRIVER_Software_timer.o
 .text          0x00000000        0x0 ./Sources/DRIVER/DRIVER_Software_timer.o
 .data          0x00000000        0x0 ./Sources/DRIVER/DRIVER_Software_timer.o
 .bss           0x00000000        0x0 ./Sources/DRIVER/DRIVER_Software_timer.o
 .text.DRIVER_Software_Timer_Disable
                0x00000000       0x30 ./Sources/DRIVER/DRIVER_Software_timer.o
 .debug_macro   0x00000000      0x802 ./Sources/DRIVER/DRIVER_Software_timer.o
 .debug_macro   0x00000000       0x16 ./Sources/DRIVER/DRIVER_Software_timer.o
 .debug_macro   0x00000000       0x44 ./Sources/DRIVER/DRIVER_Software_timer.o
 .debug_macro   0x00000000      0x209 ./Sources/DRIVER/DRIVER_Software_timer.o
 .debug_macro   0x00000000       0x4c ./Sources/DRIVER/DRIVER_Software_timer.o
 .debug_macro   0x00000000       0x3a ./Sources/DRIVER/DRIVER_Software_timer.o
 .debug_macro   0x00000000       0x26 ./Sources/DRIVER/DRIVER_Software_timer.o
 .debug_macro   0x00000000      0x306 ./Sources/DRIVER/DRIVER_Software_timer.o
 .debug_macro   0x00000000       0x6b ./Sources/DRIVER/DRIVER_Software_timer.o
 .debug_macro   0x00000000     0xd132 ./Sources/DRIVER/DRIVER_Software_timer.o
 .debug_macro   0x00000000      0x166 ./Sources/DRIVER/DRIVER_Software_timer.o
 .group         0x00000000        0x8 ./Sources/DRIVER/DRIVER_Systick.o
 .group         0x00000000        0x8 ./Sources/DRIVER/DRIVER_Systick.o
 .group         0x00000000        0x8 ./Sources/DRIVER/DRIVER_Systick.o
 .group         0x00000000        0x8 ./Sources/DRIVER/DRIVER_Systick.o
 .group         0x00000000        0x8 ./Sources/DRIVER/DRIVER_Systick.o
 .group         0x00000000        0x8 ./Sources/DRIVER/DRIVER_Systick.o
 .group         0x00000000        0x8 ./Sources/DRIVER/DRIVER_Systick.o
 .group         0x00000000        0x8 ./Sources/DRIVER/DRIVER_Systick.o
 .group         0x00000000        0x8 ./Sources/DRIVER/DRIVER_Systick.o
 .group         0x00000000        0x8 ./Sources/DRIVER/DRIVER_Systick.o
 .group         0x00000000        0x8 ./Sources/DRIVER/DRIVER_Systick.o
 .group         0x00000000        0x8 ./Sources/DRIVER/DRIVER_Systick.o
 .text          0x00000000        0x0 ./Sources/DRIVER/DRIVER_Systick.o
 .data          0x00000000        0x0 ./Sources/DRIVER/DRIVER_Systick.o
 .bss           0x00000000        0x0 ./Sources/DRIVER/DRIVER_Systick.o
 .debug_macro   0x00000000      0x802 ./Sources/DRIVER/DRIVER_Systick.o
 .debug_macro   0x00000000       0x16 ./Sources/DRIVER/DRIVER_Systick.o
 .debug_macro   0x00000000       0x44 ./Sources/DRIVER/DRIVER_Systick.o
 .debug_macro   0x00000000      0x209 ./Sources/DRIVER/DRIVER_Systick.o
 .debug_macro   0x00000000       0x4c ./Sources/DRIVER/DRIVER_Systick.o
 .debug_macro   0x00000000       0x3a ./Sources/DRIVER/DRIVER_Systick.o
 .debug_macro   0x00000000       0x26 ./Sources/DRIVER/DRIVER_Systick.o
 .debug_macro   0x00000000      0x306 ./Sources/DRIVER/DRIVER_Systick.o
 .debug_macro   0x00000000       0x6b ./Sources/DRIVER/DRIVER_Systick.o
 .debug_macro   0x00000000     0xd132 ./Sources/DRIVER/DRIVER_Systick.o
 .debug_macro   0x00000000       0x22 ./Sources/DRIVER/DRIVER_Systick.o
 .debug_macro   0x00000000      0x166 ./Sources/DRIVER/DRIVER_Systick.o
 .group         0x00000000        0x8 ./Sources/App/APP.o
 .group         0x00000000        0x8 ./Sources/App/APP.o
 .group         0x00000000        0x8 ./Sources/App/APP.o
 .group         0x00000000        0x8 ./Sources/App/APP.o
 .group         0x00000000        0x8 ./Sources/App/APP.o
 .group         0x00000000        0x8 ./Sources/App/APP.o
 .group         0x00000000        0x8 ./Sources/App/APP.o
 .group         0x00000000        0x8 ./Sources/App/APP.o
 .group         0x00000000        0x8 ./Sources/App/APP.o
 .group         0x00000000        0x8 ./Sources/App/APP.o
 .group         0x00000000        0x8 ./Sources/App/APP.o
 .group         0x00000000        0x8 ./Sources/App/APP.o
 .group         0x00000000        0x8 ./Sources/App/APP.o
 .group         0x00000000        0x8 ./Sources/App/APP.o
 .text          0x00000000        0x0 ./Sources/App/APP.o
 .data          0x00000000        0x0 ./Sources/App/APP.o
 .bss           0x00000000        0x0 ./Sources/App/APP.o
 .debug_macro   0x00000000      0x802 ./Sources/App/APP.o
 .debug_macro   0x00000000       0x16 ./Sources/App/APP.o
 .debug_macro   0x00000000       0x16 ./Sources/App/APP.o
 .debug_macro   0x00000000       0x44 ./Sources/App/APP.o
 .debug_macro   0x00000000      0x209 ./Sources/App/APP.o
 .debug_macro   0x00000000       0x3a ./Sources/App/APP.o
 .debug_macro   0x00000000       0x3a ./Sources/App/APP.o
 .debug_macro   0x00000000       0x26 ./Sources/App/APP.o
 .debug_macro   0x00000000      0x306 ./Sources/App/APP.o
 .debug_macro   0x00000000       0x6b ./Sources/App/APP.o
 .debug_macro   0x00000000     0xd132 ./Sources/App/APP.o
 .debug_macro   0x00000000      0x166 ./Sources/App/APP.o
 .debug_macro   0x00000000       0x22 ./Sources/App/APP.o
 .group         0x00000000        0x8 ./Sources/main.o
 .group         0x00000000        0x8 ./Sources/main.o
 .group         0x00000000        0x8 ./Sources/main.o
 .group         0x00000000        0x8 ./Sources/main.o
 .group         0x00000000        0x8 ./Sources/main.o
 .group         0x00000000        0x8 ./Sources/main.o
 .group         0x00000000        0x8 ./Sources/main.o
 .group         0x00000000        0x8 ./Sources/main.o
 .group         0x00000000        0x8 ./Sources/main.o
 .group         0x00000000        0x8 ./Sources/main.o
 .group         0x00000000        0x8 ./Sources/main.o
 .group         0x00000000        0x8 ./Sources/main.o
 .group         0x00000000        0x8 ./Sources/main.o
 .group         0x00000000        0x8 ./Sources/main.o
 .text          0x00000000        0x0 ./Sources/main.o
 .data          0x00000000        0x0 ./Sources/main.o
 .bss           0x00000000        0x0 ./Sources/main.o
 .debug_macro   0x00000000      0x802 ./Sources/main.o
 .debug_macro   0x00000000       0x16 ./Sources/main.o
 .debug_macro   0x00000000       0x16 ./Sources/main.o
 .debug_macro   0x00000000       0x44 ./Sources/main.o
 .debug_macro   0x00000000      0x209 ./Sources/main.o
 .debug_macro   0x00000000       0x3a ./Sources/main.o
 .debug_macro   0x00000000       0x3a ./Sources/main.o
 .debug_macro   0x00000000       0x26 ./Sources/main.o
 .debug_macro   0x00000000      0x306 ./Sources/main.o
 .debug_macro   0x00000000       0x6b ./Sources/main.o
 .debug_macro   0x00000000     0xd132 ./Sources/main.o
 .debug_macro   0x00000000      0x166 ./Sources/main.o
 .debug_macro   0x00000000       0x22 ./Sources/main.o
 .debug_macro   0x00000000       0x1c ./Sources/main.o
 .data          0x00000000        0x0 ./Project_Settings/Startup_Code/startup_MKL46Z4.o
 .bss           0x00000000        0x0 ./Project_Settings/Startup_Code/startup_MKL46Z4.o
 .group         0x00000000        0x8 ./Project_Settings/Startup_Code/system_MKL46Z4.o
 .group         0x00000000        0x8 ./Project_Settings/Startup_Code/system_MKL46Z4.o
 .group         0x00000000        0x8 ./Project_Settings/Startup_Code/system_MKL46Z4.o
 .group         0x00000000        0x8 ./Project_Settings/Startup_Code/system_MKL46Z4.o
 .group         0x00000000        0x8 ./Project_Settings/Startup_Code/system_MKL46Z4.o
 .group         0x00000000        0x8 ./Project_Settings/Startup_Code/system_MKL46Z4.o
 .group         0x00000000        0x8 ./Project_Settings/Startup_Code/system_MKL46Z4.o
 .group         0x00000000        0x8 ./Project_Settings/Startup_Code/system_MKL46Z4.o
 .group         0x00000000        0x8 ./Project_Settings/Startup_Code/system_MKL46Z4.o
 .group         0x00000000        0x8 ./Project_Settings/Startup_Code/system_MKL46Z4.o
 .text          0x00000000        0x0 ./Project_Settings/Startup_Code/system_MKL46Z4.o
 .data          0x00000000        0x0 ./Project_Settings/Startup_Code/system_MKL46Z4.o
 .bss           0x00000000        0x0 ./Project_Settings/Startup_Code/system_MKL46Z4.o
 .data.SystemCoreClock
                0x00000000        0x4 ./Project_Settings/Startup_Code/system_MKL46Z4.o
 .text.SystemCoreClockUpdate
                0x00000000      0x23c ./Project_Settings/Startup_Code/system_MKL46Z4.o
 .debug_macro   0x00000000      0x802 ./Project_Settings/Startup_Code/system_MKL46Z4.o
 .debug_macro   0x00000000       0x16 ./Project_Settings/Startup_Code/system_MKL46Z4.o
 .debug_macro   0x00000000       0x44 ./Project_Settings/Startup_Code/system_MKL46Z4.o
 .debug_macro   0x00000000      0x209 ./Project_Settings/Startup_Code/system_MKL46Z4.o
 .debug_macro   0x00000000       0x4c ./Project_Settings/Startup_Code/system_MKL46Z4.o
 .debug_macro   0x00000000       0x3a ./Project_Settings/Startup_Code/system_MKL46Z4.o
 .debug_macro   0x00000000       0x26 ./Project_Settings/Startup_Code/system_MKL46Z4.o
 .debug_macro   0x00000000      0x306 ./Project_Settings/Startup_Code/system_MKL46Z4.o
 .debug_macro   0x00000000       0x6b ./Project_Settings/Startup_Code/system_MKL46Z4.o
 .debug_macro   0x00000000     0xd132 ./Project_Settings/Startup_Code/system_MKL46Z4.o
 .text          0x00000000       0x9c c:/freescale/kds_v3/toolchain/bin/../lib/gcc/arm-none-eabi/4.8.4/armv6-m\libgcc.a(_udivsi3.o)
 .data          0x00000000        0x0 c:/freescale/kds_v3/toolchain/bin/../lib/gcc/arm-none-eabi/4.8.4/armv6-m\libgcc.a(_udivsi3.o)
 .bss           0x00000000        0x0 c:/freescale/kds_v3/toolchain/bin/../lib/gcc/arm-none-eabi/4.8.4/armv6-m\libgcc.a(_udivsi3.o)
 .debug_frame   0x00000000       0x20 c:/freescale/kds_v3/toolchain/bin/../lib/gcc/arm-none-eabi/4.8.4/armv6-m\libgcc.a(_udivsi3.o)
 .ARM.attributes
                0x00000000       0x1e c:/freescale/kds_v3/toolchain/bin/../lib/gcc/arm-none-eabi/4.8.4/armv6-m\libgcc.a(_udivsi3.o)
 .text          0x00000000        0x4 c:/freescale/kds_v3/toolchain/bin/../lib/gcc/arm-none-eabi/4.8.4/armv6-m\libgcc.a(_dvmd_tls.o)
 .data          0x00000000        0x0 c:/freescale/kds_v3/toolchain/bin/../lib/gcc/arm-none-eabi/4.8.4/armv6-m\libgcc.a(_dvmd_tls.o)
 .bss           0x00000000        0x0 c:/freescale/kds_v3/toolchain/bin/../lib/gcc/arm-none-eabi/4.8.4/armv6-m\libgcc.a(_dvmd_tls.o)
 .ARM.attributes
                0x00000000       0x1e c:/freescale/kds_v3/toolchain/bin/../lib/gcc/arm-none-eabi/4.8.4/armv6-m\libgcc.a(_dvmd_tls.o)
 .text          0x00000000        0x0 c:/freescale/kds_v3/toolchain/bin/../lib/gcc/arm-none-eabi/4.8.4/../../../../arm-none-eabi/lib/armv6-m\libg_s.a(lib_a-exit.o)
 .data          0x00000000        0x0 c:/freescale/kds_v3/toolchain/bin/../lib/gcc/arm-none-eabi/4.8.4/../../../../arm-none-eabi/lib/armv6-m\libg_s.a(lib_a-exit.o)
 .bss           0x00000000        0x0 c:/freescale/kds_v3/toolchain/bin/../lib/gcc/arm-none-eabi/4.8.4/../../../../arm-none-eabi/lib/armv6-m\libg_s.a(lib_a-exit.o)
 .text          0x00000000        0x0 c:/freescale/kds_v3/toolchain/bin/../lib/gcc/arm-none-eabi/4.8.4/../../../../arm-none-eabi/lib/armv6-m\libg_s.a(lib_a-impure.o)
 .data          0x00000000        0x0 c:/freescale/kds_v3/toolchain/bin/../lib/gcc/arm-none-eabi/4.8.4/../../../../arm-none-eabi/lib/armv6-m\libg_s.a(lib_a-impure.o)
 .bss           0x00000000        0x0 c:/freescale/kds_v3/toolchain/bin/../lib/gcc/arm-none-eabi/4.8.4/../../../../arm-none-eabi/lib/armv6-m\libg_s.a(lib_a-impure.o)
 .data._impure_ptr
                0x00000000        0x4 c:/freescale/kds_v3/toolchain/bin/../lib/gcc/arm-none-eabi/4.8.4/../../../../arm-none-eabi/lib/armv6-m\libg_s.a(lib_a-impure.o)
 .text          0x00000000        0x0 c:/freescale/kds_v3/toolchain/bin/../lib/gcc/arm-none-eabi/4.8.4/../../../../arm-none-eabi/lib/armv6-m\libg_s.a(lib_a-init.o)
 .data          0x00000000        0x0 c:/freescale/kds_v3/toolchain/bin/../lib/gcc/arm-none-eabi/4.8.4/../../../../arm-none-eabi/lib/armv6-m\libg_s.a(lib_a-init.o)
 .bss           0x00000000        0x0 c:/freescale/kds_v3/toolchain/bin/../lib/gcc/arm-none-eabi/4.8.4/../../../../arm-none-eabi/lib/armv6-m\libg_s.a(lib_a-init.o)
 .text          0x00000000        0x0 c:/freescale/kds_v3/toolchain/bin/../lib/gcc/arm-none-eabi/4.8.4/../../../../arm-none-eabi/lib/armv6-m\libg_s.a(lib_a-memset.o)
 .data          0x00000000        0x0 c:/freescale/kds_v3/toolchain/bin/../lib/gcc/arm-none-eabi/4.8.4/../../../../arm-none-eabi/lib/armv6-m\libg_s.a(lib_a-memset.o)
 .bss           0x00000000        0x0 c:/freescale/kds_v3/toolchain/bin/../lib/gcc/arm-none-eabi/4.8.4/../../../../arm-none-eabi/lib/armv6-m\libg_s.a(lib_a-memset.o)
 .text          0x00000000        0x0 c:/freescale/kds_v3/toolchain/bin/../lib/gcc/arm-none-eabi/4.8.4/../../../../arm-none-eabi/lib/armv6-m\libnosys.a(_exit.o)
 .data          0x00000000        0x0 c:/freescale/kds_v3/toolchain/bin/../lib/gcc/arm-none-eabi/4.8.4/../../../../arm-none-eabi/lib/armv6-m\libnosys.a(_exit.o)
 .bss           0x00000000        0x0 c:/freescale/kds_v3/toolchain/bin/../lib/gcc/arm-none-eabi/4.8.4/../../../../arm-none-eabi/lib/armv6-m\libnosys.a(_exit.o)
 .text          0x00000000        0x0 c:/freescale/kds_v3/toolchain/bin/../lib/gcc/arm-none-eabi/4.8.4/armv6-m/crtend.o
 .data          0x00000000        0x0 c:/freescale/kds_v3/toolchain/bin/../lib/gcc/arm-none-eabi/4.8.4/armv6-m/crtend.o
 .bss           0x00000000        0x0 c:/freescale/kds_v3/toolchain/bin/../lib/gcc/arm-none-eabi/4.8.4/armv6-m/crtend.o
 .eh_frame      0x00000000        0x4 c:/freescale/kds_v3/toolchain/bin/../lib/gcc/arm-none-eabi/4.8.4/armv6-m/crtend.o
 .text          0x00000000        0x0 c:/freescale/kds_v3/toolchain/bin/../lib/gcc/arm-none-eabi/4.8.4/armv6-m/crtn.o
 .data          0x00000000        0x0 c:/freescale/kds_v3/toolchain/bin/../lib/gcc/arm-none-eabi/4.8.4/armv6-m/crtn.o
 .bss           0x00000000        0x0 c:/freescale/kds_v3/toolchain/bin/../lib/gcc/arm-none-eabi/4.8.4/armv6-m/crtn.o

Memory Configuration

Name             Origin             Length             Attributes
m_interrupts     0x00000000         0x00000100         xr
m_flash_config   0x00000400         0x00000010         xr
m_text           0x00000410         0x0003fbf0         xr
m_data           0x1fffe000         0x00008000         rw
*default*        0x00000000         0xffffffff

Linker script and memory map

LOAD c:/freescale/kds_v3/toolchain/bin/../lib/gcc/arm-none-eabi/4.8.4/armv6-m/crti.o
LOAD c:/freescale/kds_v3/toolchain/bin/../lib/gcc/arm-none-eabi/4.8.4/armv6-m/crtbegin.o
LOAD c:/freescale/kds_v3/toolchain/bin/../lib/gcc/arm-none-eabi/4.8.4/../../../../arm-none-eabi/lib/armv6-m/crt0.o
LOAD ./Sources/HAL/HAL_GPIO.o
LOAD ./Sources/HAL/HAL_NVIC.o
LOAD ./Sources/HAL/HAL_PORT.o
LOAD ./Sources/HAL/HAL_SIM.o
LOAD ./Sources/HAL/HAL_Systick.o
LOAD ./Sources/DRIVER/DRIVER_GPIO.o
LOAD ./Sources/DRIVER/DRIVER_NVIC.o
LOAD ./Sources/DRIVER/DRIVER_PORT.o
LOAD ./Sources/DRIVER/DRIVER_SIM.o
LOAD ./Sources/DRIVER/DRIVER_Software_timer.o
LOAD ./Sources/DRIVER/DRIVER_Systick.o
LOAD ./Sources/App/APP.o
LOAD ./Sources/main.o
LOAD ./Project_Settings/Startup_Code/startup_MKL46Z4.o
LOAD ./Project_Settings/Startup_Code/system_MKL46Z4.o
LOAD c:/freescale/kds_v3/toolchain/bin/../lib/gcc/arm-none-eabi/4.8.4/../../../../arm-none-eabi/lib/armv6-m\libstdc++_s.a
LOAD c:/freescale/kds_v3/toolchain/bin/../lib/gcc/arm-none-eabi/4.8.4/../../../../arm-none-eabi/lib/armv6-m\libm.a
START GROUP
LOAD c:/freescale/kds_v3/toolchain/bin/../lib/gcc/arm-none-eabi/4.8.4/armv6-m\libgcc.a
LOAD c:/freescale/kds_v3/toolchain/bin/../lib/gcc/arm-none-eabi/4.8.4/../../../../arm-none-eabi/lib/armv6-m\libg_s.a
LOAD c:/freescale/kds_v3/toolchain/bin/../lib/gcc/arm-none-eabi/4.8.4/../../../../arm-none-eabi/lib/armv6-m\libc_s.a
END GROUP
START GROUP
LOAD c:/freescale/kds_v3/toolchain/bin/../lib/gcc/arm-none-eabi/4.8.4/armv6-m\libgcc.a
LOAD c:/freescale/kds_v3/toolchain/bin/../lib/gcc/arm-none-eabi/4.8.4/../../../../arm-none-eabi/lib/armv6-m\libc_s.a
LOAD c:/freescale/kds_v3/toolchain/bin/../lib/gcc/arm-none-eabi/4.8.4/../../../../arm-none-eabi/lib/armv6-m\libnosys.a
END GROUP
START GROUP
LOAD c:/freescale/kds_v3/toolchain/bin/../lib/gcc/arm-none-eabi/4.8.4/armv6-m\libgcc.a
LOAD c:/freescale/kds_v3/toolchain/bin/../lib/gcc/arm-none-eabi/4.8.4/../../../../arm-none-eabi/lib/armv6-m\libc_s.a
LOAD c:/freescale/kds_v3/toolchain/bin/../lib/gcc/arm-none-eabi/4.8.4/../../../../arm-none-eabi/lib/armv6-m\libnosys.a
END GROUP
LOAD c:/freescale/kds_v3/toolchain/bin/../lib/gcc/arm-none-eabi/4.8.4/armv6-m/crtend.o
LOAD c:/freescale/kds_v3/toolchain/bin/../lib/gcc/arm-none-eabi/4.8.4/armv6-m/crtn.o
                0x00000400                HEAP_SIZE = DEFINED (__heap_size__)?__heap_size__:0x400
                0x00000400                STACK_SIZE = DEFINED (__stack_size__)?__stack_size__:0x400

.interrupts     0x00000000       0xc0
                0x00000000                __VECTOR_TABLE = .
                0x00000000                . = ALIGN (0x4)
 *(.isr_vector)
 .isr_vector    0x00000000       0xc0 ./Project_Settings/Startup_Code/startup_MKL46Z4.o
                0x00000000                __isr_vector
                0x000000c0                . = ALIGN (0x4)

.flash_config   0x00000400       0x10
                0x00000400                . = ALIGN (0x4)
 *(.FlashConfig)
 .FlashConfig   0x00000400       0x10 ./Project_Settings/Startup_Code/startup_MKL46Z4.o
                0x00000410                . = ALIGN (0x4)

.text           0x00000410      0x740
                0x00000410                . = ALIGN (0x4)
 *(.text)
 .text          0x00000410       0x60 c:/freescale/kds_v3/toolchain/bin/../lib/gcc/arm-none-eabi/4.8.4/armv6-m/crtbegin.o
 .text          0x00000470       0x78 c:/freescale/kds_v3/toolchain/bin/../lib/gcc/arm-none-eabi/4.8.4/../../../../arm-none-eabi/lib/armv6-m/crt0.o
                0x00000470                _start
                0x00000470                _mainCRTStartup
 .text          0x000004e8       0x34 ./Project_Settings/Startup_Code/startup_MKL46Z4.o
                0x000004e8                Reset_Handler
                0x00000514                HardFault_Handler
                0x00000514                PendSV_Handler
                0x00000514                NMI_Handler
                0x00000514                I2C1_IRQHandler
                0x00000514                UART1_IRQHandler
                0x00000514                DMA2_IRQHandler
                0x00000514                TPM0_IRQHandler
                0x00000514                I2S0_IRQHandler
                0x00000514                LLWU_IRQHandler
                0x00000514                TSI0_IRQHandler
                0x00000514                UART0_IRQHandler
                0x00000514                ADC0_IRQHandler
                0x00000514                SPI1_IRQHandler
                0x00000514                DefaultISR
                0x00000514                TPM2_IRQHandler
                0x00000514                RTC_IRQHandler
                0x00000514                I2C0_IRQHandler
                0x00000514                LCD_IRQHandler
                0x00000514                RTC_Seconds_IRQHandler
                0x00000514                MCG_IRQHandler
                0x00000514                UART2_IRQHandler
                0x00000514                Reserved20_IRQHandler
                0x00000514                USB0_IRQHandler
                0x00000514                PIT_IRQHandler
                0x00000514                SVC_Handler
                0x00000514                DMA3_IRQHandler
                0x00000514                DMA0_IRQHandler
                0x00000514                DAC0_IRQHandler
                0x00000514                TPM1_IRQHandler
                0x00000514                LVD_LVW_IRQHandler
                0x00000514                SPI0_IRQHandler
                0x00000514                PORTA_IRQHandler
                0x00000514                FTFA_IRQHandler
                0x00000514                LPTMR0_IRQHandler
                0x00000514                CMP0_IRQHandler
                0x00000514                DMA1_IRQHandler
 *(.text*)
 .text.HAL_GPIO_Init
                0x0000051c       0x4c ./Sources/HAL/HAL_GPIO.o
                0x0000051c                HAL_GPIO_Init
 .text.HAL_GPIO_TogglePin
                0x00000568       0x28 ./Sources/HAL/HAL_GPIO.o
                0x00000568                HAL_GPIO_TogglePin
 .text.HAL_GPIO_WritePin
                0x00000590       0x4c ./Sources/HAL/HAL_GPIO.o
                0x00000590                HAL_GPIO_WritePin
 .text.HAL_PORT_Init
                0x000005dc       0x48 ./Sources/HAL/HAL_PORT.o
                0x000005dc                HAL_PORT_Init
 .text.HAL_SIM_SCGC5_EnableClock
                0x00000624       0x2c ./Sources/HAL/HAL_SIM.o
                0x00000624                HAL_SIM_SCGC5_EnableClock
 .text.HAL_Systick_init
                0x00000650       0x2c ./Sources/HAL/HAL_Systick.o
                0x00000650                HAL_Systick_init
 .text.DRIVER_GPIO_Init
                0x0000067c       0x28 ./Sources/DRIVER/DRIVER_GPIO.o
                0x0000067c                DRIVER_GPIO_Init
 .text.DRIVER_GPIO_TogglePin
                0x000006a4       0x1c ./Sources/DRIVER/DRIVER_GPIO.o
                0x000006a4                DRIVER_GPIO_TogglePin
 .text.DRIVER_GPIO_WritePin
                0x000006c0       0x28 ./Sources/DRIVER/DRIVER_GPIO.o
                0x000006c0                DRIVER_GPIO_WritePin
 .text.DRIVER_PORT_Init
                0x000006e8       0x28 ./Sources/DRIVER/DRIVER_PORT.o
                0x000006e8                DRIVER_PORT_Init
 .text.PORTC_PORTD_IRQHandler
                0x00000710       0x1c ./Sources/DRIVER/DRIVER_PORT.o
                0x00000710                PORTC_PORTD_IRQHandler
 .text.DRIVER_SIM_EnableClock
                0x0000072c       0x1c ./Sources/DRIVER/DRIVER_SIM.o
                0x0000072c                DRIVER_SIM_EnableClock
 .text.DRIVER_Software_Timer_Init
                0x00000748       0x70 ./Sources/DRIVER/DRIVER_Software_timer.o
                0x00000748                DRIVER_Software_Timer_Init
 .text.DRIVER_Software_Timer_Enable
                0x000007b8       0x30 ./Sources/DRIVER/DRIVER_Software_timer.o
                0x000007b8                DRIVER_Software_Timer_Enable
 .text.DRIVER_Software_timer_check_and_handle
                0x000007e8       0xa0 ./Sources/DRIVER/DRIVER_Software_timer.o
                0x000007e8                DRIVER_Software_timer_check_and_handle
 .text.DRIVER_Software_timer_set_value
                0x00000888       0x30 ./Sources/DRIVER/DRIVER_Software_timer.o
                0x00000888                DRIVER_Software_timer_set_value
 .text.DRIVER_Software_timer_register_callbackUser
                0x000008b8       0x30 ./Sources/DRIVER/DRIVER_Software_timer.o
                0x000008b8                DRIVER_Software_timer_register_callbackUser
 .text.systick_interrupt_handlerFunctionCall
                0x000008e8       0x18 ./Sources/DRIVER/DRIVER_Systick.o
                0x000008e8                systick_interrupt_handlerFunctionCall
 .text.SysTick_Handler
                0x00000900       0x2c ./Sources/DRIVER/DRIVER_Systick.o
                0x00000900                SysTick_Handler
 .text.DRIVER_sw_timer_handlerCall
                0x0000092c       0x14 ./Sources/DRIVER/DRIVER_Systick.o
                0x0000092c                DRIVER_sw_timer_handlerCall
 .text.countFlagReturn
                0x00000940       0x14 ./Sources/DRIVER/DRIVER_Systick.o
                0x00000940                countFlagReturn
 .text.Init_LED_Green
                0x00000954       0x44 ./Sources/App/APP.o
                0x00000954                Init_LED_Green
 .text.Init_LED_Red
                0x00000998       0x44 ./Sources/App/APP.o
                0x00000998                Init_LED_Red
 .text.DRIVER_SW_Timer_User0
                0x000009dc       0x24 ./Sources/App/APP.o
                0x000009dc                DRIVER_SW_Timer_User0
 .text.DRIVER_SW_Timer_User1
                0x00000a00       0x24 ./Sources/App/APP.o
                0x00000a00                DRIVER_SW_Timer_User1
 .text.systickInterruptCallbackUser0
                0x00000a24       0x18 ./Sources/App/APP.o
                0x00000a24                systickInterruptCallbackUser0
 .text.systickInterruptCallbackUser1
                0x00000a3c       0x18 ./Sources/App/APP.o
                0x00000a3c                systickInterruptCallbackUser1
 .text.main     0x00000a54       0x38 ./Sources/main.o
                0x00000a54                main
 .text.SystemInit
                0x00000a8c       0x18 ./Project_Settings/Startup_Code/system_MKL46Z4.o
                0x00000a8c                SystemInit
 .text.exit     0x00000aa4       0x2c c:/freescale/kds_v3/toolchain/bin/../lib/gcc/arm-none-eabi/4.8.4/../../../../arm-none-eabi/lib/armv6-m\libg_s.a(lib_a-exit.o)
                0x00000aa4                exit
 .text.__libc_init_array
                0x00000ad0       0x4c c:/freescale/kds_v3/toolchain/bin/../lib/gcc/arm-none-eabi/4.8.4/../../../../arm-none-eabi/lib/armv6-m\libg_s.a(lib_a-init.o)
                0x00000ad0                __libc_init_array
 .text.memset   0x00000b1c       0x10 c:/freescale/kds_v3/toolchain/bin/../lib/gcc/arm-none-eabi/4.8.4/../../../../arm-none-eabi/lib/armv6-m\libg_s.a(lib_a-memset.o)
                0x00000b1c                memset
 .text._exit    0x00000b2c        0x4 c:/freescale/kds_v3/toolchain/bin/../lib/gcc/arm-none-eabi/4.8.4/../../../../arm-none-eabi/lib/armv6-m\libnosys.a(_exit.o)
                0x00000b2c                _exit
 *(.rodata)
 *(.rodata*)
 .rodata.str1.1
                0x00000b30        0x2 c:/freescale/kds_v3/toolchain/bin/../lib/gcc/arm-none-eabi/4.8.4/../../../../arm-none-eabi/lib/armv6-m\libg_s.a(lib_a-impure.o)
 *fill*         0x00000b32        0x2 
 .rodata._global_impure_ptr
                0x00000b34        0x4 c:/freescale/kds_v3/toolchain/bin/../lib/gcc/arm-none-eabi/4.8.4/../../../../arm-none-eabi/lib/armv6-m\libg_s.a(lib_a-impure.o)
                0x00000b34                _global_impure_ptr
 *(.glue_7)
 .glue_7        0x00000000        0x0 linker stubs
 *(.glue_7t)
 .glue_7t       0x00000000        0x0 linker stubs
 *(.eh_frame)
 .eh_frame      0x00000b38        0x0 c:/freescale/kds_v3/toolchain/bin/../lib/gcc/arm-none-eabi/4.8.4/armv6-m/crtbegin.o
 *(.init)
 .init          0x00000b38        0x4 c:/freescale/kds_v3/toolchain/bin/../lib/gcc/arm-none-eabi/4.8.4/armv6-m/crti.o
                0x00000b38                _init
 .init          0x00000b3c        0x8 c:/freescale/kds_v3/toolchain/bin/../lib/gcc/arm-none-eabi/4.8.4/armv6-m/crtn.o
 *(.fini)
 .fini          0x00000b44        0x4 c:/freescale/kds_v3/toolchain/bin/../lib/gcc/arm-none-eabi/4.8.4/armv6-m/crti.o
                0x00000b44                _fini
 .fini          0x00000b48        0x8 c:/freescale/kds_v3/toolchain/bin/../lib/gcc/arm-none-eabi/4.8.4/armv6-m/crtn.o
                0x00000b50                . = ALIGN (0x4)

.vfp11_veneer   0x00000b50        0x0
 .vfp11_veneer  0x00000000        0x0 linker stubs

.v4_bx          0x00000b50        0x0
 .v4_bx         0x00000000        0x0 linker stubs

.iplt           0x00000b50        0x0
 .iplt          0x00000000        0x0 c:/freescale/kds_v3/toolchain/bin/../lib/gcc/arm-none-eabi/4.8.4/armv6-m/crtbegin.o

.ARM.extab
 *(.ARM.extab* .gnu.linkonce.armextab.*)

.ARM            0x00000b50        0x8
                0x00000b50                __exidx_start = .
 *(.ARM.exidx*)
 .ARM.exidx     0x00000b50        0x8 c:/freescale/kds_v3/toolchain/bin/../lib/gcc/arm-none-eabi/4.8.4/../../../../arm-none-eabi/lib/armv6-m/crt0.o
                0x00000b58                __exidx_end = .

.rel.dyn        0x00000b58        0x0
 .rel.iplt      0x00000000        0x0 c:/freescale/kds_v3/toolchain/bin/../lib/gcc/arm-none-eabi/4.8.4/armv6-m/crtbegin.o

.ctors          0x00000b58        0x0
                0x00000b58                __CTOR_LIST__ = .
 *crtbegin.o(.ctors)
 *crtbegin?.o(.ctors)
 *(EXCLUDE_FILE(*crtend.o *crtend?.o) .ctors)
 *(SORT(.ctors.*))
 *(.ctors)
                0x00000b58                __CTOR_END__ = .

.dtors          0x00000b58        0x0
                0x00000b58                __DTOR_LIST__ = .
 *crtbegin.o(.dtors)
 *crtbegin?.o(.dtors)
 *(EXCLUDE_FILE(*crtend.o *crtend?.o) .dtors)
 *(SORT(.dtors.*))
 *(.dtors)
                0x00000b58                __DTOR_END__ = .

.preinit_array  0x00000b58        0x0
                0x00000b58                PROVIDE (__preinit_array_start, .)
 *(.preinit_array*)
                0x00000b58                PROVIDE (__preinit_array_end, .)

.init_array     0x00000b58        0x4
                0x00000b58                PROVIDE (__init_array_start, .)
 *(SORT(.init_array.*))
 *(.init_array*)
 .init_array    0x00000b58        0x4 c:/freescale/kds_v3/toolchain/bin/../lib/gcc/arm-none-eabi/4.8.4/armv6-m/crtbegin.o
                0x00000b5c                PROVIDE (__init_array_end, .)

.fini_array     0x00000b5c        0x4
                0x00000b5c                PROVIDE (__fini_array_start, .)
 *(SORT(.fini_array.*))
 *(.fini_array*)
 .fini_array    0x00000b5c        0x4 c:/freescale/kds_v3/toolchain/bin/../lib/gcc/arm-none-eabi/4.8.4/armv6-m/crtbegin.o
                0x00000b60                PROVIDE (__fini_array_end, .)
                0x00000b60                __etext = .
                0x00000b60                __DATA_ROM = .

.mtb            0x1fffe000        0x0
                0x1fffe000                . = ALIGN (0x8)
                0x1fffe000                _mtb_start = .
 *(.mtb_buf)
                0x1fffe000                . = ALIGN (0x8)
                0x1fffe000                _mtb_end = .

.data           0x1fffe000       0x64 load address 0x00000b60
                0x1fffe000                . = ALIGN (0x4)
                0x1fffe000                __DATA_RAM = .
                0x1fffe000                __data_start__ = .
 *(.data)
 *(.data*)
 .data.impure_data
                0x1fffe000       0x60 c:/freescale/kds_v3/toolchain/bin/../lib/gcc/arm-none-eabi/4.8.4/../../../../arm-none-eabi/lib/armv6-m\libg_s.a(lib_a-impure.o)
 *(.jcr*)
 .jcr           0x1fffe060        0x0 c:/freescale/kds_v3/toolchain/bin/../lib/gcc/arm-none-eabi/4.8.4/armv6-m/crtbegin.o
 .jcr           0x1fffe060        0x4 c:/freescale/kds_v3/toolchain/bin/../lib/gcc/arm-none-eabi/4.8.4/armv6-m/crtend.o
                0x1fffe064                . = ALIGN (0x4)
                0x1fffe064                __data_end__ = .
                0x00000bc4                __DATA_END = (__DATA_ROM + (__data_end__ - __data_start__))

.igot.plt       0x1fffe064        0x0 load address 0x00000bc4
 .igot.plt      0x00000000        0x0 c:/freescale/kds_v3/toolchain/bin/../lib/gcc/arm-none-eabi/4.8.4/armv6-m/crtbegin.o

.bss            0x1fffe064       0xc8 load address 0x00000bc4
                0x1fffe064                . = ALIGN (0x4)
                0x1fffe064                __START_BSS = .
                0x1fffe064                __bss_start__ = .
 *(.bss)
 .bss           0x1fffe064       0x1c c:/freescale/kds_v3/toolchain/bin/../lib/gcc/arm-none-eabi/4.8.4/armv6-m/crtbegin.o
 *(.bss*)
 .bss.PORTC_PORTD_callback
                0x1fffe080        0x4 ./Sources/DRIVER/DRIVER_PORT.o
                0x1fffe080                PORTC_PORTD_callback
 .bss.DRIVER_sw_timer_handler
                0x1fffe084        0x4 ./Sources/DRIVER/DRIVER_Systick.o
                0x1fffe084                DRIVER_sw_timer_handler
 .bss.countFlag
                0x1fffe088        0x1 ./Sources/DRIVER/DRIVER_Systick.o
                0x1fffe088                countFlag
 *(COMMON)
 *fill*         0x1fffe089        0x3 
 COMMON         0x1fffe08c       0xa0 ./Sources/DRIVER/DRIVER_Software_timer.o
                0x1fffe08c                swTimerArray
                0x1fffe12c                . = ALIGN (0x4)
                0x1fffe12c                __bss_end__ = .
                0x1fffe12c                __END_BSS = .

.heap           0x1fffe12c      0x404 load address 0x00000c8c
                0x1fffe130                . = ALIGN (0x8)
 *fill*         0x1fffe12c        0x4 
                0x1fffe130                __end__ = .
                0x1fffe130                PROVIDE (end, .)
                0x1fffe130                __HeapBase = .
                0x1fffe530                . = (. + HEAP_SIZE)
 *fill*         0x1fffe130      0x400 
                0x1fffe530                __HeapLimit = .

.stack          0x1fffe530      0x400 load address 0x00001090
                0x1fffe530                . = ALIGN (0x8)
                0x1fffe930                . = (. + STACK_SIZE)
 *fill*         0x1fffe530      0x400 
                0x20006000                __StackTop = (ORIGIN (m_data) + 0x8000)
                0x20005c00                __StackLimit = (__StackTop - STACK_SIZE)
                0x20006000                PROVIDE (__stack, __StackTop)

.ARM.attributes
                0x00000000       0x28
 *(.ARM.attributes)
 .ARM.attributes
                0x00000000       0x1e c:/freescale/kds_v3/toolchain/bin/../lib/gcc/arm-none-eabi/4.8.4/armv6-m/crti.o
 .ARM.attributes
                0x0000001e       0x2c c:/freescale/kds_v3/toolchain/bin/../lib/gcc/arm-none-eabi/4.8.4/armv6-m/crtbegin.o
 .ARM.attributes
                0x0000004a       0x1b c:/freescale/kds_v3/toolchain/bin/../lib/gcc/arm-none-eabi/4.8.4/../../../../arm-none-eabi/lib/armv6-m/crt0.o
 .ARM.attributes
                0x00000065       0x32 ./Sources/HAL/HAL_GPIO.o
 .ARM.attributes
                0x00000097       0x32 ./Sources/HAL/HAL_PORT.o
 .ARM.attributes
                0x000000c9       0x32 ./Sources/HAL/HAL_SIM.o
 .ARM.attributes
                0x000000fb       0x32 ./Sources/HAL/HAL_Systick.o
 .ARM.attributes
                0x0000012d       0x32 ./Sources/DRIVER/DRIVER_GPIO.o
 .ARM.attributes
                0x0000015f       0x32 ./Sources/DRIVER/DRIVER_PORT.o
 .ARM.attributes
                0x00000191       0x32 ./Sources/DRIVER/DRIVER_SIM.o
 .ARM.attributes
                0x000001c3       0x32 ./Sources/DRIVER/DRIVER_Software_timer.o
 .ARM.attributes
                0x000001f5       0x32 ./Sources/DRIVER/DRIVER_Systick.o
 .ARM.attributes
                0x00000227       0x32 ./Sources/App/APP.o
 .ARM.attributes
                0x00000259       0x32 ./Sources/main.o
 .ARM.attributes
                0x0000028b       0x1b ./Project_Settings/Startup_Code/startup_MKL46Z4.o
 .ARM.attributes
                0x000002a6       0x32 ./Project_Settings/Startup_Code/system_MKL46Z4.o
 .ARM.attributes
                0x000002d8       0x2c c:/freescale/kds_v3/toolchain/bin/../lib/gcc/arm-none-eabi/4.8.4/../../../../arm-none-eabi/lib/armv6-m\libg_s.a(lib_a-exit.o)
 .ARM.attributes
                0x00000304       0x2c c:/freescale/kds_v3/toolchain/bin/../lib/gcc/arm-none-eabi/4.8.4/../../../../arm-none-eabi/lib/armv6-m\libg_s.a(lib_a-impure.o)
 .ARM.attributes
                0x00000330       0x2c c:/freescale/kds_v3/toolchain/bin/../lib/gcc/arm-none-eabi/4.8.4/../../../../arm-none-eabi/lib/armv6-m\libg_s.a(lib_a-init.o)
 .ARM.attributes
                0x0000035c       0x2c c:/freescale/kds_v3/toolchain/bin/../lib/gcc/arm-none-eabi/4.8.4/../../../../arm-none-eabi/lib/armv6-m\libg_s.a(lib_a-memset.o)
 .ARM.attributes
                0x00000388       0x2c c:/freescale/kds_v3/toolchain/bin/../lib/gcc/arm-none-eabi/4.8.4/../../../../arm-none-eabi/lib/armv6-m\libnosys.a(_exit.o)
 .ARM.attributes
                0x000003b4       0x2c c:/freescale/kds_v3/toolchain/bin/../lib/gcc/arm-none-eabi/4.8.4/armv6-m/crtend.o
 .ARM.attributes
                0x000003e0       0x1e c:/freescale/kds_v3/toolchain/bin/../lib/gcc/arm-none-eabi/4.8.4/armv6-m/crtn.o
                0x00000001                ASSERT ((__StackLimit >= __HeapLimit), region m_data overflowed with stack and heap)
OUTPUT(HuynhDucQuangVinh_MCUASM4.elf elf32-littlearm)

.debug_info     0x00000000     0x1c25
 .debug_info    0x00000000      0x219 ./Sources/HAL/HAL_GPIO.o
 .debug_info    0x00000219      0x335 ./Sources/HAL/HAL_PORT.o
 .debug_info    0x0000054e      0x2e4 ./Sources/HAL/HAL_SIM.o
 .debug_info    0x00000832      0x116 ./Sources/HAL/HAL_Systick.o
 .debug_info    0x00000948      0x1da ./Sources/DRIVER/DRIVER_GPIO.o
 .debug_info    0x00000b22      0x36f ./Sources/DRIVER/DRIVER_PORT.o
 .debug_info    0x00000e91       0xda ./Sources/DRIVER/DRIVER_SIM.o
 .debug_info    0x00000f6b      0x210 ./Sources/DRIVER/DRIVER_Software_timer.o
 .debug_info    0x0000117b      0x211 ./Sources/DRIVER/DRIVER_Systick.o
 .debug_info    0x0000138c      0x2dd ./Sources/App/APP.o
 .debug_info    0x00001669      0x11f ./Sources/main.o
 .debug_info    0x00001788       0xaf ./Project_Settings/Startup_Code/startup_MKL46Z4.o
 .debug_info    0x00001837      0x3ee ./Project_Settings/Startup_Code/system_MKL46Z4.o

.debug_abbrev   0x00000000      0xb78
 .debug_abbrev  0x00000000       0xef ./Sources/HAL/HAL_GPIO.o
 .debug_abbrev  0x000000ef      0x125 ./Sources/HAL/HAL_PORT.o
 .debug_abbrev  0x00000214       0xd8 ./Sources/HAL/HAL_SIM.o
 .debug_abbrev  0x000002ec       0xc1 ./Sources/HAL/HAL_Systick.o
 .debug_abbrev  0x000003ad       0xe0 ./Sources/DRIVER/DRIVER_GPIO.o
 .debug_abbrev  0x0000048d      0x148 ./Sources/DRIVER/DRIVER_PORT.o
 .debug_abbrev  0x000005d5       0x77 ./Sources/DRIVER/DRIVER_SIM.o
 .debug_abbrev  0x0000064c       0xea ./Sources/DRIVER/DRIVER_Software_timer.o
 .debug_abbrev  0x00000736      0x167 ./Sources/DRIVER/DRIVER_Systick.o
 .debug_abbrev  0x0000089d      0x10c ./Sources/App/APP.o
 .debug_abbrev  0x000009a9       0xb2 ./Sources/main.o
 .debug_abbrev  0x00000a5b       0x14 ./Project_Settings/Startup_Code/startup_MKL46Z4.o
 .debug_abbrev  0x00000a6f      0x109 ./Project_Settings/Startup_Code/system_MKL46Z4.o

.debug_aranges  0x00000000      0x290
 .debug_aranges
                0x00000000       0x30 ./Sources/HAL/HAL_GPIO.o
 .debug_aranges
                0x00000030       0x48 ./Sources/HAL/HAL_PORT.o
 .debug_aranges
                0x00000078       0x20 ./Sources/HAL/HAL_SIM.o
 .debug_aranges
                0x00000098       0x28 ./Sources/HAL/HAL_Systick.o
 .debug_aranges
                0x000000c0       0x30 ./Sources/DRIVER/DRIVER_GPIO.o
 .debug_aranges
                0x000000f0       0x50 ./Sources/DRIVER/DRIVER_PORT.o
 .debug_aranges
                0x00000140       0x20 ./Sources/DRIVER/DRIVER_SIM.o
 .debug_aranges
                0x00000160       0x48 ./Sources/DRIVER/DRIVER_Software_timer.o
 .debug_aranges
                0x000001a8       0x38 ./Sources/DRIVER/DRIVER_Systick.o
 .debug_aranges
                0x000001e0       0x48 ./Sources/App/APP.o
 .debug_aranges
                0x00000228       0x20 ./Sources/main.o
 .debug_aranges
                0x00000248       0x20 ./Project_Settings/Startup_Code/startup_MKL46Z4.o
 .debug_aranges
                0x00000268       0x28 ./Project_Settings/Startup_Code/system_MKL46Z4.o

.debug_ranges   0x00000000      0x1b0
 .debug_ranges  0x00000000       0x20 ./Sources/HAL/HAL_GPIO.o
 .debug_ranges  0x00000020       0x38 ./Sources/HAL/HAL_PORT.o
 .debug_ranges  0x00000058       0x10 ./Sources/HAL/HAL_SIM.o
 .debug_ranges  0x00000068       0x18 ./Sources/HAL/HAL_Systick.o
 .debug_ranges  0x00000080       0x20 ./Sources/DRIVER/DRIVER_GPIO.o
 .debug_ranges  0x000000a0       0x40 ./Sources/DRIVER/DRIVER_PORT.o
 .debug_ranges  0x000000e0       0x10 ./Sources/DRIVER/DRIVER_SIM.o
 .debug_ranges  0x000000f0       0x38 ./Sources/DRIVER/DRIVER_Software_timer.o
 .debug_ranges  0x00000128       0x28 ./Sources/DRIVER/DRIVER_Systick.o
 .debug_ranges  0x00000150       0x38 ./Sources/App/APP.o
 .debug_ranges  0x00000188       0x10 ./Sources/main.o
 .debug_ranges  0x00000198       0x18 ./Project_Settings/Startup_Code/system_MKL46Z4.o

.debug_macro    0x00000000     0xea45
 .debug_macro   0x00000000       0x9b ./Sources/HAL/HAL_GPIO.o
 .debug_macro   0x0000009b      0x802 ./Sources/HAL/HAL_GPIO.o
 .debug_macro   0x0000089d       0x16 ./Sources/HAL/HAL_GPIO.o
 .debug_macro   0x000008b3       0x16 ./Sources/HAL/HAL_GPIO.o
 .debug_macro   0x000008c9       0x44 ./Sources/HAL/HAL_GPIO.o
 .debug_macro   0x0000090d      0x209 ./Sources/HAL/HAL_GPIO.o
 .debug_macro   0x00000b16       0x3a ./Sources/HAL/HAL_GPIO.o
 .debug_macro   0x00000b50       0x3a ./Sources/HAL/HAL_GPIO.o
 .debug_macro   0x00000b8a       0x26 ./Sources/HAL/HAL_GPIO.o
 .debug_macro   0x00000bb0      0x306 ./Sources/HAL/HAL_GPIO.o
 .debug_macro   0x00000eb6       0x6b ./Sources/HAL/HAL_GPIO.o
 .debug_macro   0x00000f21     0xd132 ./Sources/HAL/HAL_GPIO.o
 .debug_macro   0x0000e053       0x8d ./Sources/HAL/HAL_PORT.o
 .debug_macro   0x0000e0e0       0x8d ./Sources/HAL/HAL_SIM.o
 .debug_macro   0x0000e16d       0x88 ./Sources/HAL/HAL_Systick.o
 .debug_macro   0x0000e1f5       0x4c ./Sources/HAL/HAL_Systick.o
 .debug_macro   0x0000e241       0xa9 ./Sources/DRIVER/DRIVER_GPIO.o
 .debug_macro   0x0000e2ea       0xa4 ./Sources/DRIVER/DRIVER_PORT.o
 .debug_macro   0x0000e38e      0x166 ./Sources/DRIVER/DRIVER_PORT.o
 .debug_macro   0x0000e4f4       0x9b ./Sources/DRIVER/DRIVER_SIM.o
 .debug_macro   0x0000e58f       0xaa ./Sources/DRIVER/DRIVER_Software_timer.o
 .debug_macro   0x0000e639       0x22 ./Sources/DRIVER/DRIVER_Software_timer.o
 .debug_macro   0x0000e65b       0xbc ./Sources/DRIVER/DRIVER_Systick.o
 .debug_macro   0x0000e717      0x144 ./Sources/App/APP.o
 .debug_macro   0x0000e85b       0x1c ./Sources/App/APP.o
 .debug_macro   0x0000e877      0x150 ./Sources/main.o
 .debug_macro   0x0000e9c7       0x7e ./Project_Settings/Startup_Code/system_MKL46Z4.o

.debug_line     0x00000000     0x1e72
 .debug_line    0x00000000      0x234 ./Sources/HAL/HAL_GPIO.o
 .debug_line    0x00000234      0x25a ./Sources/HAL/HAL_PORT.o
 .debug_line    0x0000048e      0x1f8 ./Sources/HAL/HAL_SIM.o
 .debug_line    0x00000686      0x211 ./Sources/HAL/HAL_Systick.o
 .debug_line    0x00000897      0x25f ./Sources/DRIVER/DRIVER_GPIO.o
 .debug_line    0x00000af6      0x2a7 ./Sources/DRIVER/DRIVER_PORT.o
 .debug_line    0x00000d9d      0x22c ./Sources/DRIVER/DRIVER_SIM.o
 .debug_line    0x00000fc9      0x2ef ./Sources/DRIVER/DRIVER_Software_timer.o
 .debug_line    0x000012b8      0x2a2 ./Sources/DRIVER/DRIVER_Systick.o
 .debug_line    0x0000155a      0x35d ./Sources/App/APP.o
 .debug_line    0x000018b7      0x300 ./Sources/main.o
 .debug_line    0x00001bb7       0x7b ./Project_Settings/Startup_Code/startup_MKL46Z4.o
 .debug_line    0x00001c32      0x240 ./Project_Settings/Startup_Code/system_MKL46Z4.o

.debug_str      0x00000000    0x4fd9a
 .debug_str     0x00000000    0x4f0d9 ./Sources/HAL/HAL_GPIO.o
                              0x4f4d6 (size before relaxing)
 .debug_str     0x0004f0d9      0x1ba ./Sources/HAL/HAL_PORT.o
                              0x4f5ab (size before relaxing)
 .debug_str     0x0004f293      0x18e ./Sources/HAL/HAL_SIM.o
                              0x4f57e (size before relaxing)
 .debug_str     0x0004f421       0x77 ./Sources/HAL/HAL_Systick.o
                              0x4f44a (size before relaxing)
 .debug_str     0x0004f498       0x80 ./Sources/DRIVER/DRIVER_GPIO.o
                              0x4f4d1 (size before relaxing)
 .debug_str     0x0004f518      0x3e6 ./Sources/DRIVER/DRIVER_PORT.o
                              0x4f962 (size before relaxing)
 .debug_str     0x0004f8fe       0x62 ./Sources/DRIVER/DRIVER_SIM.o
                              0x4f4b1 (size before relaxing)
 .debug_str     0x0004f960      0x1b8 ./Sources/DRIVER/DRIVER_Software_timer.o
                              0x4f8a1 (size before relaxing)
 .debug_str     0x0004fb18       0xe1 ./Sources/DRIVER/DRIVER_Systick.o
                              0x4f8aa (size before relaxing)
 .debug_str     0x0004fbf9       0xf3 ./Sources/App/APP.o
                              0x4f9ea (size before relaxing)
 .debug_str     0x0004fcec       0x17 ./Sources/main.o
                              0x4f860 (size before relaxing)
 .debug_str     0x0004fd03       0x97 ./Project_Settings/Startup_Code/system_MKL46Z4.o
                              0x4f55b (size before relaxing)

.comment        0x00000000       0x70
 .comment       0x00000000       0x70 ./Sources/HAL/HAL_GPIO.o
                                 0x71 (size before relaxing)
 .comment       0x00000000       0x71 ./Sources/HAL/HAL_PORT.o
 .comment       0x00000000       0x71 ./Sources/HAL/HAL_SIM.o
 .comment       0x00000000       0x71 ./Sources/HAL/HAL_Systick.o
 .comment       0x00000000       0x71 ./Sources/DRIVER/DRIVER_GPIO.o
 .comment       0x00000000       0x71 ./Sources/DRIVER/DRIVER_PORT.o
 .comment       0x00000000       0x71 ./Sources/DRIVER/DRIVER_SIM.o
 .comment       0x00000000       0x71 ./Sources/DRIVER/DRIVER_Software_timer.o
 .comment       0x00000000       0x71 ./Sources/DRIVER/DRIVER_Systick.o
 .comment       0x00000000       0x71 ./Sources/App/APP.o
 .comment       0x00000000       0x71 ./Sources/main.o
 .comment       0x00000000       0x71 ./Project_Settings/Startup_Code/system_MKL46Z4.o

.debug_frame    0x00000000      0x660
 .debug_frame   0x00000000       0x70 ./Sources/HAL/HAL_GPIO.o
 .debug_frame   0x00000070       0xd0 ./Sources/HAL/HAL_PORT.o
 .debug_frame   0x00000140       0x30 ./Sources/HAL/HAL_SIM.o
 .debug_frame   0x00000170       0x4c ./Sources/HAL/HAL_Systick.o
 .debug_frame   0x000001bc       0x70 ./Sources/DRIVER/DRIVER_GPIO.o
 .debug_frame   0x0000022c       0xec ./Sources/DRIVER/DRIVER_PORT.o
 .debug_frame   0x00000318       0x30 ./Sources/DRIVER/DRIVER_SIM.o
 .debug_frame   0x00000348       0xd0 ./Sources/DRIVER/DRIVER_Software_timer.o
 .debug_frame   0x00000418       0x84 ./Sources/DRIVER/DRIVER_Systick.o
 .debug_frame   0x0000049c       0xb8 ./Sources/App/APP.o
 .debug_frame   0x00000554       0x2c ./Sources/main.o
 .debug_frame   0x00000580       0x4c ./Project_Settings/Startup_Code/system_MKL46Z4.o
 .debug_frame   0x000005cc       0x28 c:/freescale/kds_v3/toolchain/bin/../lib/gcc/arm-none-eabi/4.8.4/../../../../arm-none-eabi/lib/armv6-m\libg_s.a(lib_a-exit.o)
 .debug_frame   0x000005f4       0x2c c:/freescale/kds_v3/toolchain/bin/../lib/gcc/arm-none-eabi/4.8.4/../../../../arm-none-eabi/lib/armv6-m\libg_s.a(lib_a-init.o)
 .debug_frame   0x00000620       0x20 c:/freescale/kds_v3/toolchain/bin/../lib/gcc/arm-none-eabi/4.8.4/../../../../arm-none-eabi/lib/armv6-m\libg_s.a(lib_a-memset.o)
 .debug_frame   0x00000640       0x20 c:/freescale/kds_v3/toolchain/bin/../lib/gcc/arm-none-eabi/4.8.4/../../../../arm-none-eabi/lib/armv6-m\libnosys.a(_exit.o)
